LOCAL  ast-PipelineC.json: gitignored build product, untracked, no record. Not a repository defect -- a fresh clone has no such file. If you regenerate it locally, scripts/export_with_provenance.sh records provenance beside it.
LOCAL  ast-PipelineCPP.json: gitignored build product, untracked, no record. Not a repository defect -- a fresh clone has no such file. If you regenerate it locally, scripts/export_with_provenance.sh records provenance beside it.
LOCAL  ast-PipelineGo.json: gitignored build product, untracked, no record. Not a repository defect -- a fresh clone has no such file. If you regenerate it locally, scripts/export_with_provenance.sh records provenance beside it.
LOCAL  ast-PipelineJS.json: gitignored build product, untracked, no record. Not a repository defect -- a fresh clone has no such file. If you regenerate it locally, scripts/export_with_provenance.sh records provenance beside it.
LOCAL  ast-PipelineJava.json: gitignored build product, untracked, no record. Not a repository defect -- a fresh clone has no such file. If you regenerate it locally, scripts/export_with_provenance.sh records provenance beside it.
LOCAL  ast-PipelineKotlin.json: gitignored build product, untracked, no record. Not a repository defect -- a fresh clone has no such file. If you regenerate it locally, scripts/export_with_provenance.sh records provenance beside it.
LOCAL  ast-PipelinePython.json: gitignored build product, untracked, no record. Not a repository defect -- a fresh clone has no such file. If you regenerate it locally, scripts/export_with_provenance.sh records provenance beside it.
LOCAL  ast-PipelineTS.json: gitignored build product, untracked, no record. Not a repository defect -- a fresh clone has no such file. If you regenerate it locally, scripts/export_with_provenance.sh records provenance beside it.
LOCAL  formalization-graph.json: gitignored build product, untracked, no record. Not a repository defect -- a fresh clone has no such file. If you regenerate it locally, scripts/export_with_provenance.sh records provenance beside it.
UNATTRIBUTED  ast-CMath.json: scripts/reproduce_ast.py, Joern 4.0.606, committed export_ast.sc: DIFFERS. Same 6 functions, but every integer literal is "v": 0 here and "v": "0" in a fresh export -- the literal representation changed and this artifact predates it. 23 diff lines.
UNATTRIBUTED  ast-LangC.json: Not reproduced: the source tree it was exported from is not identified anywhere in the repository, and the .cpg was not kept. Attribution requires re-exporting from a known tree with scripts/provenance.py record.
UNATTRIBUTED  ast-LangGo.json: Not reproduced: the source tree it was exported from is not identified anywhere in the repository, and the .cpg was not kept. Attribution requires re-exporting from a known tree with scripts/provenance.py record.
UNATTRIBUTED  ast-LangJS.json: Not reproduced: the source tree it was exported from is not identified anywhere in the repository, and the .cpg was not kept. Attribution requires re-exporting from a known tree with scripts/provenance.py record.
UNATTRIBUTED  ast-LangJava.json: Not reproduced: the source tree it was exported from is not identified anywhere in the repository, and the .cpg was not kept. Attribution requires re-exporting from a known tree with scripts/provenance.py record.
UNATTRIBUTED  ast-LangKt.json: Not reproduced: the source tree it was exported from is not identified anywhere in the repository, and the .cpg was not kept. Attribution requires re-exporting from a known tree with scripts/provenance.py record.
UNATTRIBUTED  ast-LangTS.json: Not reproduced: the source tree it was exported from is not identified anywhere in the repository, and the .cpg was not kept. Attribution requires re-exporting from a known tree with scripts/provenance.py record.
UNATTRIBUTED  ast-LinuxLibSample.json: Not a Joern export: an EXTRACTION. All 7 entries were verified byte-identical to their (name, file) counterparts in ast-LinuxLib.json, which is gitignored and local-only. Commit 5fd17ae describes it as the call-closure of the functions Autoform/SpecsGen/LinuxLibSample.lean names. No extraction script is committed, so there is no exact command to record, and naming cartographer/export_ast.sc plus a Linux source tree would claim a regeneration path that does not produce this file. Attribution requires committing the extractor (and recording the parent AST it selects from).
UNATTRIBUTED  ast-Sample.json: scripts/reproduce_ast.py, Joern 4.0.606, committed export_ast.sc: DIFFERS. Fresh export has 7 entries to the committed 5 -- the two module-initializer entries (`lib.py:<module>`, `<module-objects>:<module>`) postdate this artifact. 387 diff lines.
UNATTRIBUTED  ast-Stress.json: scripts/reproduce_ast.py, Joern 4.0.606, committed export_ast.sc: DIFFERS. Fresh export has 8 entries to the committed 6; the extra two are the module initializers `ops.py:<module>` and `<module-objects>:<module>`.
UNATTRIBUTED  ast-V8Base.json: Was in neither this backlog nor provenance/, which is an omission rather than a signal: every other tracked AST is accounted for one way or the other, and this one was simply never listed. It entered the tree in df77544 (2026-08-25, '285 tracked theorems were pinned to a corpus no clone could see'), which tracked the AST precisely so a clone could see the corpus. Same gap as ast-V8Numbers.json: the V8 tree and revision are not identified and the CPG was not kept, so reproduction was not attempted. Closing this needs the V8 revision recorded and a re-export from it.
UNATTRIBUTED  ast-V8BaseSample.json: Not a Joern export: an EXTRACTION. All 4 entries were verified byte-identical to their (name, file) counterparts in ast-V8Base.json, which is gitignored and local-only. Commit 5fd17ae describes it as the call-closure of the functions Autoform/SpecsGen/V8BaseSample.lean names. No extraction script is committed, so there is no exact command to record, and naming cartographer/export_ast.sc plus a V8 source tree would claim a regeneration path that does not produce this file. Attribution requires committing the extractor (and recording the parent AST it selects from).
UNATTRIBUTED  ast-V8Numbers.json: Regenerated by 52a6987 (2026-08-21, 'Wire float literals to Float.lean'), which is how the digest moved off the earlier baseline. Reproduction NOT attempted: the entries come from V8's conversions.cc, hash-seed.cc, ieee754.cc and math-random.cc, and neither the V8 tree nor its revision is identified anywhere in this repository, nor was the CPG kept. This is the weakest class of entry here -- it names when the artifact changed and under which commit, not what it was built from. Unlike ast-Cachetools.json, whose revision was recovered by matching a fresh export's function set, a C++ corpus of this size cannot be identified that way cheaply. Closing this needs the V8 revision recorded and a re-export from it.
FAIL   ast-Cachetools.json: cartographer/export_ast.sc changed since this artifact was exported (b82b43eae510… -> 6551e9e9255b…). The .cpg is not tracked, so the committed AST cannot be re-verified in place; regenerate it with the recorded command and re-record:
        scripts/reland_corpus.sh /private/tmp/ct-v717 Cachetools
        source: /private/tmp/ct-v717 @ tree-sha256:49cb5656b594bd27bd84aa1508661bea0a02a65697a95349afb202f07c7f908f:9files
FAIL   ast-Cachetools.json: exporter has multiple source files but its record has no exporter_sources; regenerate and record the complete compiler.
FAIL   ast-Click.json: cartographer/export_ast.sc changed since this artifact was exported (b82b43eae510… -> 6551e9e9255b…). The .cpg is not tracked, so the committed AST cannot be re-verified in place; regenerate it with the recorded command and re-record:
        scripts/reland_corpus.sh /private/tmp/corp_click Click
        source: /private/tmp/corp_click @ tree-sha256:42ee03eeaa468fcea0752aa8b1ed6e47cd9e96b07ee503ca8d490b398ce1ea99:17files
FAIL   ast-Click.json: exporter has multiple source files but its record has no exporter_sources; regenerate and record the complete compiler.
FAIL   ast-Jinja2.json: cartographer/export_ast.sc changed since this artifact was exported (b82b43eae510… -> 6551e9e9255b…). The .cpg is not tracked, so the committed AST cannot be re-verified in place; regenerate it with the recorded command and re-record:
        scripts/reland_corpus.sh /private/tmp/corp_jinja2 Jinja2
        source: /private/tmp/corp_jinja2 @ tree-sha256:7449c52c1ef913abe97c05e1a5ff95285be0cc2a49ee927b1d946dc8504e4984:26files
FAIL   ast-Jinja2.json: exporter has multiple source files but its record has no exporter_sources; regenerate and record the complete compiler.
FAIL   ast-Requests.json: cartographer/export_ast.sc changed since this artifact was exported (b82b43eae510… -> 6551e9e9255b…). The .cpg is not tracked, so the committed AST cannot be re-verified in place; regenerate it with the recorded command and re-record:
        scripts/reland_corpus.sh /private/tmp/rq Requests
        source: /private/tmp/rq @ tree-sha256:7b6d024cb59b08cf9ed83c2a4a90abc88b89538cd0d7e244064fbe98d7869a3a:18files
FAIL   ast-Requests.json: exporter has multiple source files but its record has no exporter_sources; regenerate and record the complete compiler.

check_provenance: 4/17 in-repository artifacts fully attributed to Joern 4.0.606; 13 unattributed (baselined); 9 local-only (gitignored, not judged); 8 violation(s).
