........................................................................ [  7%]
....................................s...............................sss. [ 14%]
........................................................................ [ 22%]
...s.....x...................s.......................................... [ 29%]
...........................................................s............ [ 36%]
.......ss.sssssssssss........ssssss..................s.................. [ 44%]
........................................................................ [ 51%]
........sFs.......sss..s.s...s.s........................................ [ 59%]
........................................................................ [ 66%]
........................................................................ [ 73%]
........................................................................ [ 81%]
........................................................................ [ 88%]
.....ss.s.....s...ss..s.s.ss...sssssss..F....s..ssssssss................ [ 95%]
..........s.s.s.........................                                 [100%]
=================================== FAILURES ===================================
________________________ test_callable_lexical_metadata ________________________

    def test_callable_lexical_metadata():
        script = (ROOT / 'cartographer/export_ast.sc').read_text()
>       decoder = script.split('  val pythonHandlerDecoder = """', 1)[1].split('\n"""', 1)[0]
                  ^^^^^^^^^^^^^^^^^^^^^^^^^^^^^^^^^^^^^^^^^^^^^^^^^^^^^^
E       IndexError: list index out of range

tests/test_python_callable_shapes.py:19: IndexError
__ TestJavaScriptContainers.test_array_factory_becomes_an_empty_list_literal ___

self = <test_source_numeric.TestJavaScriptContainers object at 0x109f5cf10>

    def test_array_factory_becomes_an_empty_list_literal(self):
        src = (ROOT / 'cartographer/export_ast.sc').read_text()
>       assert '"__ecma.Array.factory"' in src
E       assert '"__ecma.Array.factory"' in '//> using file compiler/SourceCompiler.scala\n// Joern query: export each method\'s AST as a language-neutral JSON tr... dataModel: String = "lp64") = {\n  importCpg(cpgPath)\n  new SourceCompiler(cpg, dataModel, maxMethods).run(out)\n}\n'

tests/test_source_numeric.py:811: AssertionError
=========================== short test summary info ============================
FAILED tests/test_python_callable_shapes.py::test_callable_lexical_metadata
FAILED tests/test_source_numeric.py::TestJavaScriptContainers::test_array_factory_becomes_an_empty_list_literal
2 failed, 908 passed, 65 skipped, 1 xfailed in 373.61s (0:06:13)
